[      78ms] [LOG] [astro-mermaid] Mermaid diagrams detected on initial load @ http://localhost:4321/@id/astro:scripts/page.js:2
[      78ms] [LOG] [astro-mermaid] Initializing mermaid diagrams... @ http://localhost:4321/@id/astro:scripts/page.js:2
[      79ms] [LOG] [astro-mermaid] Found 1 mermaid diagrams @ http://localhost:4321/@id/astro:scripts/page.js:2
[      79ms] [LOG] [astro-mermaid] Loading mermaid.js... @ http://localhost:4321/@id/astro:scripts/page.js:2
[      94ms] [LOG] [astro-mermaid] Using theme: dark from html @ http://localhost:4321/@id/astro:scripts/page.js:2
[      95ms] [LOG] [astro-mermaid] Rendering diagram: mermaid-w8go0frhs @ http://localhost:4321/@id/astro:scripts/page.js:2
[      96ms] [LOG] [astro-mermaid] Initializing mermaid diagrams... @ http://localhost:4321/@id/astro:scripts/page.js:2
[      96ms] [LOG] [astro-mermaid] Found 1 mermaid diagrams @ http://localhost:4321/@id/astro:scripts/page.js:2
[      96ms] [LOG] [astro-mermaid] Initializing mermaid diagrams... @ http://localhost:4321/@id/astro:scripts/page.js:2
[      96ms] [LOG] [astro-mermaid] Found 1 mermaid diagrams @ http://localhost:4321/@id/astro:scripts/page.js:2
[      96ms] [LOG] [astro-mermaid] Using theme: dark from html @ http://localhost:4321/@id/astro:scripts/page.js:2
[      97ms] [LOG] [astro-mermaid] Rendering diagram: mermaid-ilr61diig @ http://localhost:4321/@id/astro:scripts/page.js:2
[      97ms] [LOG] [astro-mermaid] Using theme: dark from html @ http://localhost:4321/@id/astro:scripts/page.js:2
[      98ms] [LOG] [astro-mermaid] Rendering diagram: mermaid-doceq8v5i @ http://localhost:4321/@id/astro:scripts/page.js:2
[     126ms] [LOG] [astro-mermaid] Successfully rendered diagram: mermaid-w8go0frhs @ http://localhost:4321/@id/astro:scripts/page.js:2
[     147ms] [WARNING] Use $state.raw for nodes to prevent performance issues. @ http://localhost:4321/node_modules/.vite/deps/@xyflow_svelte.js?v=ccdc6a10:4718
[     167ms] [LOG] [astro-mermaid] Successfully rendered diagram: mermaid-ilr61diig @ http://localhost:4321/@id/astro:scripts/page.js:2
[     181ms] [LOG] [astro-mermaid] Successfully rendered diagram: mermaid-doceq8v5i @ http://localhost:4321/@id/astro:scripts/page.js:2
[   52862ms] [LOG] [astro-mermaid] Mermaid diagrams detected on initial load @ http://localhost:4321/@id/astro:scripts/page.js:2
[   52862ms] [LOG] [astro-mermaid] Initializing mermaid diagrams... @ http://localhost:4321/@id/astro:scripts/page.js:2
[   52862ms] [LOG] [astro-mermaid] Found 1 mermaid diagrams @ http://localhost:4321/@id/astro:scripts/page.js:2
[   52862ms] [LOG] [astro-mermaid] Loading mermaid.js... @ http://localhost:4321/@id/astro:scripts/page.js:2
[   52863ms] [LOG] [astro-mermaid] Initializing mermaid diagrams... @ http://localhost:4321/@id/astro:scripts/page.js:2
[   52863ms] [LOG] [astro-mermaid] Found 1 mermaid diagrams @ http://localhost:4321/@id/astro:scripts/page.js:2
[   52863ms] [LOG] [astro-mermaid] Initializing mermaid diagrams... @ http://localhost:4321/@id/astro:scripts/page.js:2
[   52863ms] [LOG] [astro-mermaid] Found 1 mermaid diagrams @ http://localhost:4321/@id/astro:scripts/page.js:2
[   52885ms] [LOG] [astro-mermaid] Using theme: dark from html @ http://localhost:4321/@id/astro:scripts/page.js:2
[   52886ms] [LOG] [astro-mermaid] Rendering diagram: mermaid-dwpo6905k @ http://localhost:4321/@id/astro:scripts/page.js:2
[   52887ms] [LOG] [astro-mermaid] Using theme: dark from html @ http://localhost:4321/@id/astro:scripts/page.js:2
[   52888ms] [LOG] [astro-mermaid] Rendering diagram: mermaid-588gxivm8 @ http://localhost:4321/@id/astro:scripts/page.js:2
[   52888ms] [LOG] [astro-mermaid] Using theme: dark from html @ http://localhost:4321/@id/astro:scripts/page.js:2
[   52888ms] [LOG] [astro-mermaid] Rendering diagram: mermaid-mmh542fb4 @ http://localhost:4321/@id/astro:scripts/page.js:2
[   52916ms] [LOG] [astro-mermaid] Successfully rendered diagram: mermaid-dwpo6905k @ http://localhost:4321/@id/astro:scripts/page.js:2
[   52922ms] [WARNING] Use $state.raw for nodes to prevent performance issues. @ http://localhost:4321/node_modules/.vite/deps/@xyflow_svelte.js?v=ccdc6a10:4718
[   52939ms] [LOG] [astro-mermaid] Successfully rendered diagram: mermaid-588gxivm8 @ http://localhost:4321/@id/astro:scripts/page.js:2
[   52953ms] [LOG] [astro-mermaid] Successfully rendered diagram: mermaid-mmh542fb4 @ http://localhost:4321/@id/astro:scripts/page.js:2
[   58755ms] [LOG] [astro-mermaid] Mermaid diagrams detected on initial load @ http://localhost:4321/@id/astro:scripts/page.js:2
[   58755ms] [LOG] [astro-mermaid] Initializing mermaid diagrams... @ http://localhost:4321/@id/astro:scripts/page.js:2
[   58755ms] [LOG] [astro-mermaid] Found 1 mermaid diagrams @ http://localhost:4321/@id/astro:scripts/page.js:2
[   58755ms] [LOG] [astro-mermaid] Loading mermaid.js... @ http://localhost:4321/@id/astro:scripts/page.js:2
[   58756ms] [LOG] [astro-mermaid] Initializing mermaid diagrams... @ http://localhost:4321/@id/astro:scripts/page.js:2
[   58756ms] [LOG] [astro-mermaid] Found 1 mermaid diagrams @ http://localhost:4321/@id/astro:scripts/page.js:2
[   58756ms] [LOG] [astro-mermaid] Initializing mermaid diagrams... @ http://localhost:4321/@id/astro:scripts/page.js:2
[   58756ms] [LOG] [astro-mermaid] Found 1 mermaid diagrams @ http://localhost:4321/@id/astro:scripts/page.js:2
[   58771ms] [LOG] [astro-mermaid] Using theme: dark from html @ http://localhost:4321/@id/astro:scripts/page.js:2
[   58772ms] [LOG] [astro-mermaid] Rendering diagram: mermaid-t4dn97uf3 @ http://localhost:4321/@id/astro:scripts/page.js:2
[   58772ms] [LOG] [astro-mermaid] Using theme: dark from html @ http://localhost:4321/@id/astro:scripts/page.js:2
[   58773ms] [LOG] [astro-mermaid] Rendering diagram: mermaid-yfxlfxbyq @ http://localhost:4321/@id/astro:scripts/page.js:2
[   58773ms] [LOG] [astro-mermaid] Using theme: dark from html @ http://localhost:4321/@id/astro:scripts/page.js:2
[   58774ms] [LOG] [astro-mermaid] Rendering diagram: mermaid-7nmka35x6 @ http://localhost:4321/@id/astro:scripts/page.js:2
[   58803ms] [LOG] [astro-mermaid] Successfully rendered diagram: mermaid-t4dn97uf3 @ http://localhost:4321/@id/astro:scripts/page.js:2
[   58819ms] [LOG] [astro-mermaid] Successfully rendered diagram: mermaid-yfxlfxbyq @ http://localhost:4321/@id/astro:scripts/page.js:2
[   58822ms] [WARNING] Use $state.raw for nodes to prevent performance issues. @ http://localhost:4321/node_modules/.vite/deps/@xyflow_svelte.js?v=ccdc6a10:4718
[   58840ms] [LOG] [astro-mermaid] Successfully rendered diagram: mermaid-7nmka35x6 @ http://localhost:4321/@id/astro:scripts/page.js:2
[   63591ms] [LOG] [astro-mermaid] Mermaid diagrams detected on initial load @ http://localhost:4321/@id/astro:scripts/page.js:2
[   63591ms] [LOG] [astro-mermaid] Initializing mermaid diagrams... @ http://localhost:4321/@id/astro:scripts/page.js:2
[   63591ms] [LOG] [astro-mermaid] Found 1 mermaid diagrams @ http://localhost:4321/@id/astro:scripts/page.js:2
[   63591ms] [LOG] [astro-mermaid] Loading mermaid.js... @ http://localhost:4321/@id/astro:scripts/page.js:2
[   63592ms] [LOG] [astro-mermaid] Initializing mermaid diagrams... @ http://localhost:4321/@id/astro:scripts/page.js:2
[   63592ms] [LOG] [astro-mermaid] Found 1 mermaid diagrams @ http://localhost:4321/@id/astro:scripts/page.js:2
[   63592ms] [LOG] [astro-mermaid] Initializing mermaid diagrams... @ http://localhost:4321/@id/astro:scripts/page.js:2
[   63592ms] [LOG] [astro-mermaid] Found 1 mermaid diagrams @ http://localhost:4321/@id/astro:scripts/page.js:2
[   63610ms] [LOG] [astro-mermaid] Using theme: dark from html @ http://localhost:4321/@id/astro:scripts/page.js:2
[   63611ms] [LOG] [astro-mermaid] Rendering diagram: mermaid-cp50t8305 @ http://localhost:4321/@id/astro:scripts/page.js:2
[   63611ms] [LOG] [astro-mermaid] Using theme: dark from html @ http://localhost:4321/@id/astro:scripts/page.js:2
[   63612ms] [LOG] [astro-mermaid] Rendering diagram: mermaid-2cnfgizro @ http://localhost:4321/@id/astro:scripts/page.js:2
[   63612ms] [LOG] [astro-mermaid] Using theme: dark from html @ http://localhost:4321/@id/astro:scripts/page.js:2
[   63613ms] [LOG] [astro-mermaid] Rendering diagram: mermaid-n9v83iq55 @ http://localhost:4321/@id/astro:scripts/page.js:2
[   63639ms] [LOG] [astro-mermaid] Successfully rendered diagram: mermaid-cp50t8305 @ http://localhost:4321/@id/astro:scripts/page.js:2
[   63644ms] [WARNING] Use $state.raw for nodes to prevent performance issues. @ http://localhost:4321/node_modules/.vite/deps/@xyflow_svelte.js?v=ccdc6a10:4718
[   63661ms] [LOG] [astro-mermaid] Successfully rendered diagram: mermaid-2cnfgizro @ http://localhost:4321/@id/astro:scripts/page.js:2
[   63678ms] [LOG] [astro-mermaid] Successfully rendered diagram: mermaid-n9v83iq55 @ http://localhost:4321/@id/astro:scripts/page.js:2
