[    1026ms] [LOG] [astro-mermaid] Mermaid diagrams detected on initial load @ http://localhost:4323/@id/astro:scripts/page.js:2
[    1026ms] [LOG] [astro-mermaid] Initializing mermaid diagrams... @ http://localhost:4323/@id/astro:scripts/page.js:2
[    1026ms] [LOG] [astro-mermaid] Found 1 mermaid diagrams @ http://localhost:4323/@id/astro:scripts/page.js:2
[    1026ms] [LOG] [astro-mermaid] Loading mermaid.js... @ http://localhost:4323/@id/astro:scripts/page.js:2
[    1027ms] [LOG] [astro-mermaid] Initializing mermaid diagrams... @ http://localhost:4323/@id/astro:scripts/page.js:2
[    1027ms] [LOG] [astro-mermaid] Found 1 mermaid diagrams @ http://localhost:4323/@id/astro:scripts/page.js:2
[    1027ms] [LOG] [astro-mermaid] Initializing mermaid diagrams... @ http://localhost:4323/@id/astro:scripts/page.js:2
[    1027ms] [LOG] [astro-mermaid] Found 1 mermaid diagrams @ http://localhost:4323/@id/astro:scripts/page.js:2
[    1102ms] [WARNING] Use $state.raw for nodes to prevent performance issues. @ http://localhost:4323/node_modules/.vite/deps/@xyflow_svelte.js?v=a7795a90:4718
[    1133ms] [LOG] [astro-mermaid] Using theme: dark from html @ http://localhost:4323/@id/astro:scripts/page.js:2
[    1135ms] [LOG] [astro-mermaid] Rendering diagram: mermaid-n7qpk3ov0 @ http://localhost:4323/@id/astro:scripts/page.js:2
[    1136ms] [LOG] [astro-mermaid] Using theme: dark from html @ http://localhost:4323/@id/astro:scripts/page.js:2
[    1137ms] [LOG] [astro-mermaid] Rendering diagram: mermaid-ptlch98mw @ http://localhost:4323/@id/astro:scripts/page.js:2
[    1137ms] [LOG] [astro-mermaid] Using theme: dark from html @ http://localhost:4323/@id/astro:scripts/page.js:2
[    1138ms] [LOG] [astro-mermaid] Rendering diagram: mermaid-6x5pv7gwf @ http://localhost:4323/@id/astro:scripts/page.js:2
[    1191ms] [LOG] [astro-mermaid] Successfully rendered diagram: mermaid-n7qpk3ov0 @ http://localhost:4323/@id/astro:scripts/page.js:2
[    1205ms] [LOG] [astro-mermaid] Successfully rendered diagram: mermaid-ptlch98mw @ http://localhost:4323/@id/astro:scripts/page.js:2
[    1216ms] [LOG] [astro-mermaid] Successfully rendered diagram: mermaid-6x5pv7gwf @ http://localhost:4323/@id/astro:scripts/page.js:2
[   16964ms] [LOG] [astro-mermaid] No mermaid diagrams found on initial load @ http://localhost:4323/@id/astro:scripts/page.js:2
[   16965ms] [LOG] [astro-mermaid] Initializing mermaid diagrams... @ http://localhost:4323/@id/astro:scripts/page.js:2
[   16965ms] [LOG] [astro-mermaid] Found 0 mermaid diagrams @ http://localhost:4323/@id/astro:scripts/page.js:2
[   16965ms] [LOG] [astro-mermaid] Initializing mermaid diagrams... @ http://localhost:4323/@id/astro:scripts/page.js:2
[   16965ms] [LOG] [astro-mermaid] Found 0 mermaid diagrams @ http://localhost:4323/@id/astro:scripts/page.js:2
[   20186ms] [LOG] [astro-mermaid] Mermaid diagrams detected on initial load @ http://localhost:4323/@id/astro:scripts/page.js:2
[   20186ms] [LOG] [astro-mermaid] Initializing mermaid diagrams... @ http://localhost:4323/@id/astro:scripts/page.js:2
[   20186ms] [LOG] [astro-mermaid] Found 1 mermaid diagrams @ http://localhost:4323/@id/astro:scripts/page.js:2
[   20186ms] [LOG] [astro-mermaid] Loading mermaid.js... @ http://localhost:4323/@id/astro:scripts/page.js:2
[   20187ms] [LOG] [astro-mermaid] Initializing mermaid diagrams... @ http://localhost:4323/@id/astro:scripts/page.js:2
[   20187ms] [LOG] [astro-mermaid] Found 1 mermaid diagrams @ http://localhost:4323/@id/astro:scripts/page.js:2
[   20187ms] [LOG] [astro-mermaid] Initializing mermaid diagrams... @ http://localhost:4323/@id/astro:scripts/page.js:2
[   20187ms] [LOG] [astro-mermaid] Found 1 mermaid diagrams @ http://localhost:4323/@id/astro:scripts/page.js:2
[   20203ms] [LOG] [astro-mermaid] Using theme: dark from html @ http://localhost:4323/@id/astro:scripts/page.js:2
[   20204ms] [LOG] [astro-mermaid] Rendering diagram: mermaid-rfimlbpm1 @ http://localhost:4323/@id/astro:scripts/page.js:2
[   20205ms] [LOG] [astro-mermaid] Using theme: dark from html @ http://localhost:4323/@id/astro:scripts/page.js:2
[   20206ms] [LOG] [astro-mermaid] Rendering diagram: mermaid-w99iii7v0 @ http://localhost:4323/@id/astro:scripts/page.js:2
[   20206ms] [LOG] [astro-mermaid] Using theme: dark from html @ http://localhost:4323/@id/astro:scripts/page.js:2
[   20207ms] [LOG] [astro-mermaid] Rendering diagram: mermaid-75jr2ufw3 @ http://localhost:4323/@id/astro:scripts/page.js:2
[   20275ms] [LOG] [astro-mermaid] Successfully rendered diagram: mermaid-rfimlbpm1 @ http://localhost:4323/@id/astro:scripts/page.js:2
[   20282ms] [LOG] [astro-mermaid] Successfully rendered diagram: mermaid-w99iii7v0 @ http://localhost:4323/@id/astro:scripts/page.js:2
[   20286ms] [LOG] [astro-mermaid] Successfully rendered diagram: mermaid-75jr2ufw3 @ http://localhost:4323/@id/astro:scripts/page.js:2
[   39846ms] [LOG] [astro-mermaid] No mermaid diagrams found on initial load @ http://localhost:4323/@id/astro:scripts/page.js:2
[   39847ms] [LOG] [astro-mermaid] Initializing mermaid diagrams... @ http://localhost:4323/@id/astro:scripts/page.js:2
[   39847ms] [LOG] [astro-mermaid] Found 0 mermaid diagrams @ http://localhost:4323/@id/astro:scripts/page.js:2
[   39847ms] [LOG] [astro-mermaid] Initializing mermaid diagrams... @ http://localhost:4323/@id/astro:scripts/page.js:2
[   39847ms] [LOG] [astro-mermaid] Found 0 mermaid diagrams @ http://localhost:4323/@id/astro:scripts/page.js:2
[   44385ms] [LOG] [astro-mermaid] No mermaid diagrams found on initial load @ http://localhost:4323/@id/astro:scripts/page.js:2
[   44386ms] [LOG] [astro-mermaid] Initializing mermaid diagrams... @ http://localhost:4323/@id/astro:scripts/page.js:2
[   44386ms] [LOG] [astro-mermaid] Found 0 mermaid diagrams @ http://localhost:4323/@id/astro:scripts/page.js:2
[   44386ms] [LOG] [astro-mermaid] Initializing mermaid diagrams... @ http://localhost:4323/@id/astro:scripts/page.js:2
[   44386ms] [LOG] [astro-mermaid] Found 0 mermaid diagrams @ http://localhost:4323/@id/astro:scripts/page.js:2
[   47483ms] [LOG] [astro-mermaid] No mermaid diagrams found on initial load @ http://localhost:4323/@id/astro:scripts/page.js:2
[   47484ms] [LOG] [astro-mermaid] Initializing mermaid diagrams... @ http://localhost:4323/@id/astro:scripts/page.js:2
[   47484ms] [LOG] [astro-mermaid] Found 0 mermaid diagrams @ http://localhost:4323/@id/astro:scripts/page.js:2
[   47484ms] [LOG] [astro-mermaid] Initializing mermaid diagrams... @ http://localhost:4323/@id/astro:scripts/page.js:2
[   47484ms] [LOG] [astro-mermaid] Found 0 mermaid diagrams @ http://localhost:4323/@id/astro:scripts/page.js:2
[   53284ms] [LOG] [astro-mermaid] No mermaid diagrams found on initial load @ http://localhost:4323/@id/astro:scripts/page.js:2
[   53286ms] [LOG] [astro-mermaid] Initializing mermaid diagrams... @ http://localhost:4323/@id/astro:scripts/page.js:2
[   53286ms] [LOG] [astro-mermaid] Found 0 mermaid diagrams @ http://localhost:4323/@id/astro:scripts/page.js:2
[   53286ms] [LOG] [astro-mermaid] Initializing mermaid diagrams... @ http://localhost:4323/@id/astro:scripts/page.js:2
[   53286ms] [LOG] [astro-mermaid] Found 0 mermaid diagrams @ http://localhost:4323/@id/astro:scripts/page.js:2
[   58205ms] [LOG] [astro-mermaid] No mermaid diagrams found on initial load @ http://localhost:4323/@id/astro:scripts/page.js:2
[   58205ms] [LOG] [astro-mermaid] Initializing mermaid diagrams... @ http://localhost:4323/@id/astro:scripts/page.js:2
[   58205ms] [LOG] [astro-mermaid] Found 0 mermaid diagrams @ http://localhost:4323/@id/astro:scripts/page.js:2
[   87874ms] [WARNING] Use $state.raw for nodes to prevent performance issues. @ http://localhost:4323/node_modules/.vite/deps/@xyflow_svelte.js?v=a7795a90:4718
[   87874ms] [WARNING] Use $state.raw for edges to prevent performance issues. @ http://localhost:4323/node_modules/.vite/deps/@xyflow_svelte.js?v=a7795a90:4718
[  328596ms] [LOG] [astro-mermaid] No mermaid diagrams found on initial load @ http://localhost:4323/@id/astro:scripts/page.js:2
[  328597ms] [LOG] [astro-mermaid] Initializing mermaid diagrams... @ http://localhost:4323/@id/astro:scripts/page.js:2
[  328597ms] [LOG] [astro-mermaid] Found 0 mermaid diagrams @ http://localhost:4323/@id/astro:scripts/page.js:2
[  338770ms] [LOG] [astro-mermaid] No mermaid diagrams found on initial load @ http://localhost:4323/@id/astro:scripts/page.js:2
[  338771ms] [LOG] [astro-mermaid] Initializing mermaid diagrams... @ http://localhost:4323/@id/astro:scripts/page.js:2
[  338771ms] [LOG] [astro-mermaid] Found 0 mermaid diagrams @ http://localhost:4323/@id/astro:scripts/page.js:2
[  427996ms] [LOG] [astro-mermaid] No mermaid diagrams found on initial load @ http://localhost:4323/@id/astro:scripts/page.js:2
[  427997ms] [LOG] [astro-mermaid] Initializing mermaid diagrams... @ http://localhost:4323/@id/astro:scripts/page.js:2
[  427997ms] [LOG] [astro-mermaid] Found 0 mermaid diagrams @ http://localhost:4323/@id/astro:scripts/page.js:2
[ 2082824ms] [LOG] [astro-mermaid] Mermaid diagrams detected on initial load @ http://localhost:4323/@id/astro:scripts/page.js:2
[ 2082824ms] [LOG] [astro-mermaid] Initializing mermaid diagrams... @ http://localhost:4323/@id/astro:scripts/page.js:2
[ 2082824ms] [LOG] [astro-mermaid] Found 1 mermaid diagrams @ http://localhost:4323/@id/astro:scripts/page.js:2
[ 2082824ms] [LOG] [astro-mermaid] Loading mermaid.js... @ http://localhost:4323/@id/astro:scripts/page.js:2
[ 2082827ms] [LOG] [astro-mermaid] Initializing mermaid diagrams... @ http://localhost:4323/@id/astro:scripts/page.js:2
[ 2082827ms] [LOG] [astro-mermaid] Found 1 mermaid diagrams @ http://localhost:4323/@id/astro:scripts/page.js:2
[ 2082827ms] [LOG] [astro-mermaid] Initializing mermaid diagrams... @ http://localhost:4323/@id/astro:scripts/page.js:2
[ 2082827ms] [LOG] [astro-mermaid] Found 1 mermaid diagrams @ http://localhost:4323/@id/astro:scripts/page.js:2
[ 2082843ms] [LOG] [astro-mermaid] Using theme: dark from html @ http://localhost:4323/@id/astro:scripts/page.js:2
[ 2082844ms] [LOG] [astro-mermaid] Rendering diagram: mermaid-19jd157jn @ http://localhost:4323/@id/astro:scripts/page.js:2
[ 2082846ms] [LOG] [astro-mermaid] Using theme: dark from html @ http://localhost:4323/@id/astro:scripts/page.js:2
[ 2082846ms] [LOG] [astro-mermaid] Rendering diagram: mermaid-xv4lx8oaj @ http://localhost:4323/@id/astro:scripts/page.js:2
[ 2082846ms] [LOG] [astro-mermaid] Using theme: dark from html @ http://localhost:4323/@id/astro:scripts/page.js:2
[ 2082847ms] [LOG] [astro-mermaid] Rendering diagram: mermaid-hkg1rvf46 @ http://localhost:4323/@id/astro:scripts/page.js:2
[ 2082884ms] [LOG] [astro-mermaid] Successfully rendered diagram: mermaid-19jd157jn @ http://localhost:4323/@id/astro:scripts/page.js:2
[ 2082901ms] [LOG] [astro-mermaid] Successfully rendered diagram: mermaid-xv4lx8oaj @ http://localhost:4323/@id/astro:scripts/page.js:2
[ 2082913ms] [LOG] [astro-mermaid] Successfully rendered diagram: mermaid-hkg1rvf46 @ http://localhost:4323/@id/astro:scripts/page.js:2
[ 2088174ms] [LOG] [astro-mermaid] No mermaid diagrams found on initial load @ http://localhost:4323/@id/astro:scripts/page.js:2
[ 2088175ms] [LOG] [astro-mermaid] Initializing mermaid diagrams... @ http://localhost:4323/@id/astro:scripts/page.js:2
[ 2088175ms] [LOG] [astro-mermaid] Found 0 mermaid diagrams @ http://localhost:4323/@id/astro:scripts/page.js:2
[ 2088175ms] [LOG] [astro-mermaid] Initializing mermaid diagrams... @ http://localhost:4323/@id/astro:scripts/page.js:2
[ 2088175ms] [LOG] [astro-mermaid] Found 0 mermaid diagrams @ http://localhost:4323/@id/astro:scripts/page.js:2
[ 2091176ms] [LOG] [astro-mermaid] No mermaid diagrams found on initial load @ http://localhost:4323/@id/astro:scripts/page.js:2
[ 2091177ms] [LOG] [astro-mermaid] Initializing mermaid diagrams... @ http://localhost:4323/@id/astro:scripts/page.js:2
[ 2091177ms] [LOG] [astro-mermaid] Found 0 mermaid diagrams @ http://localhost:4323/@id/astro:scripts/page.js:2
[ 2091177ms] [LOG] [astro-mermaid] Initializing mermaid diagrams... @ http://localhost:4323/@id/astro:scripts/page.js:2
[ 2091177ms] [LOG] [astro-mermaid] Found 0 mermaid diagrams @ http://localhost:4323/@id/astro:scripts/page.js:2
[ 2091200ms] [WARNING] Use $state.raw for nodes to prevent performance issues. @ http://localhost:4323/node_modules/.vite/deps/@xyflow_svelte.js?v=a7795a90:4718
[ 2091200ms] [WARNING] Use $state.raw for edges to prevent performance issues. @ http://localhost:4323/node_modules/.vite/deps/@xyflow_svelte.js?v=a7795a90:4718
[ 2136241ms] [LOG] [astro-mermaid] No mermaid diagrams found on initial load @ http://localhost:4323/@id/astro:scripts/page.js:2
[ 2136242ms] [LOG] [astro-mermaid] Initializing mermaid diagrams... @ http://localhost:4323/@id/astro:scripts/page.js:2
[ 2136242ms] [LOG] [astro-mermaid] Found 0 mermaid diagrams @ http://localhost:4323/@id/astro:scripts/page.js:2
[ 2136242ms] [LOG] [astro-mermaid] Initializing mermaid diagrams... @ http://localhost:4323/@id/astro:scripts/page.js:2
[ 2136242ms] [LOG] [astro-mermaid] Found 0 mermaid diagrams @ http://localhost:4323/@id/astro:scripts/page.js:2
[ 2161632ms] [LOG] [astro-mermaid] Mermaid diagrams detected on initial load @ http://localhost:4323/@id/astro:scripts/page.js:2
[ 2161632ms] [LOG] [astro-mermaid] Initializing mermaid diagrams... @ http://localhost:4323/@id/astro:scripts/page.js:2
[ 2161632ms] [LOG] [astro-mermaid] Found 1 mermaid diagrams @ http://localhost:4323/@id/astro:scripts/page.js:2
[ 2161632ms] [LOG] [astro-mermaid] Loading mermaid.js... @ http://localhost:4323/@id/astro:scripts/page.js:2
[ 2161633ms] [LOG] [astro-mermaid] Initializing mermaid diagrams... @ http://localhost:4323/@id/astro:scripts/page.js:2
[ 2161633ms] [LOG] [astro-mermaid] Found 1 mermaid diagrams @ http://localhost:4323/@id/astro:scripts/page.js:2
[ 2161633ms] [LOG] [astro-mermaid] Initializing mermaid diagrams... @ http://localhost:4323/@id/astro:scripts/page.js:2
[ 2161633ms] [LOG] [astro-mermaid] Found 1 mermaid diagrams @ http://localhost:4323/@id/astro:scripts/page.js:2
[ 2161652ms] [LOG] [astro-mermaid] Using theme: dark from html @ http://localhost:4323/@id/astro:scripts/page.js:2
[ 2161653ms] [LOG] [astro-mermaid] Rendering diagram: mermaid-zn4zr4h82 @ http://localhost:4323/@id/astro:scripts/page.js:2
[ 2161654ms] [LOG] [astro-mermaid] Using theme: dark from html @ http://localhost:4323/@id/astro:scripts/page.js:2
[ 2161655ms] [LOG] [astro-mermaid] Rendering diagram: mermaid-hjtgm84rv @ http://localhost:4323/@id/astro:scripts/page.js:2
[ 2161655ms] [LOG] [astro-mermaid] Using theme: dark from html @ http://localhost:4323/@id/astro:scripts/page.js:2
[ 2161656ms] [LOG] [astro-mermaid] Rendering diagram: mermaid-0so6lp6jv @ http://localhost:4323/@id/astro:scripts/page.js:2
[ 2161672ms] [LOG] [astro-mermaid] Successfully rendered diagram: mermaid-zn4zr4h82 @ http://localhost:4323/@id/astro:scripts/page.js:2
[ 2161677ms] [LOG] [astro-mermaid] Successfully rendered diagram: mermaid-hjtgm84rv @ http://localhost:4323/@id/astro:scripts/page.js:2
[ 2161680ms] [LOG] [astro-mermaid] Successfully rendered diagram: mermaid-0so6lp6jv @ http://localhost:4323/@id/astro:scripts/page.js:2
[ 2168862ms] [LOG] [astro-mermaid] No mermaid diagrams found on initial load @ http://localhost:4323/@id/astro:scripts/page.js:2
[ 2168862ms] [LOG] [astro-mermaid] Initializing mermaid diagrams... @ http://localhost:4323/@id/astro:scripts/page.js:2
[ 2168863ms] [LOG] [astro-mermaid] Found 0 mermaid diagrams @ http://localhost:4323/@id/astro:scripts/page.js:2
[ 2168863ms] [LOG] [astro-mermaid] Initializing mermaid diagrams... @ http://localhost:4323/@id/astro:scripts/page.js:2
[ 2168863ms] [LOG] [astro-mermaid] Found 0 mermaid diagrams @ http://localhost:4323/@id/astro:scripts/page.js:2
[ 2203159ms] [LOG] [astro-mermaid] Mermaid diagrams detected on initial load @ http://localhost:4323/@id/astro:scripts/page.js:2
[ 2203159ms] [LOG] [astro-mermaid] Initializing mermaid diagrams... @ http://localhost:4323/@id/astro:scripts/page.js:2
[ 2203159ms] [LOG] [astro-mermaid] Found 1 mermaid diagrams @ http://localhost:4323/@id/astro:scripts/page.js:2
[ 2203159ms] [LOG] [astro-mermaid] Loading mermaid.js... @ http://localhost:4323/@id/astro:scripts/page.js:2
[ 2203160ms] [LOG] [astro-mermaid] Initializing mermaid diagrams... @ http://localhost:4323/@id/astro:scripts/page.js:2
[ 2203160ms] [LOG] [astro-mermaid] Found 1 mermaid diagrams @ http://localhost:4323/@id/astro:scripts/page.js:2
[ 2203160ms] [LOG] [astro-mermaid] Initializing mermaid diagrams... @ http://localhost:4323/@id/astro:scripts/page.js:2
[ 2203160ms] [LOG] [astro-mermaid] Found 1 mermaid diagrams @ http://localhost:4323/@id/astro:scripts/page.js:2
[ 2203180ms] [LOG] [astro-mermaid] Using theme: dark from html @ http://localhost:4323/@id/astro:scripts/page.js:2
[ 2203182ms] [LOG] [astro-mermaid] Rendering diagram: mermaid-k39evr7k9 @ http://localhost:4323/@id/astro:scripts/page.js:2
[ 2203183ms] [LOG] [astro-mermaid] Using theme: dark from html @ http://localhost:4323/@id/astro:scripts/page.js:2
[ 2203183ms] [LOG] [astro-mermaid] Rendering diagram: mermaid-flnidjges @ http://localhost:4323/@id/astro:scripts/page.js:2
[ 2203183ms] [LOG] [astro-mermaid] Using theme: dark from html @ http://localhost:4323/@id/astro:scripts/page.js:2
[ 2203184ms] [LOG] [astro-mermaid] Rendering diagram: mermaid-aal0z3vn2 @ http://localhost:4323/@id/astro:scripts/page.js:2
[ 2203214ms] [LOG] [astro-mermaid] Successfully rendered diagram: mermaid-k39evr7k9 @ http://localhost:4323/@id/astro:scripts/page.js:2
[ 2203221ms] [WARNING] Use $state.raw for nodes to prevent performance issues. @ http://localhost:4323/node_modules/.vite/deps/@xyflow_svelte.js?v=a7795a90:4718
[ 2203245ms] [LOG] [astro-mermaid] Successfully rendered diagram: mermaid-flnidjges @ http://localhost:4323/@id/astro:scripts/page.js:2
[ 2203260ms] [LOG] [astro-mermaid] Successfully rendered diagram: mermaid-aal0z3vn2 @ http://localhost:4323/@id/astro:scripts/page.js:2
[ 2394814ms] [LOG] [astro-mermaid] Mermaid diagrams detected on initial load @ http://localhost:4323/@id/astro:scripts/page.js:2
[ 2394814ms] [LOG] [astro-mermaid] Initializing mermaid diagrams... @ http://localhost:4323/@id/astro:scripts/page.js:2
[ 2394814ms] [LOG] [astro-mermaid] Found 1 mermaid diagrams @ http://localhost:4323/@id/astro:scripts/page.js:2
[ 2394814ms] [LOG] [astro-mermaid] Loading mermaid.js... @ http://localhost:4323/@id/astro:scripts/page.js:2
[ 2394816ms] [LOG] [astro-mermaid] Initializing mermaid diagrams... @ http://localhost:4323/@id/astro:scripts/page.js:2
[ 2394816ms] [LOG] [astro-mermaid] Found 1 mermaid diagrams @ http://localhost:4323/@id/astro:scripts/page.js:2
[ 2394816ms] [LOG] [astro-mermaid] Initializing mermaid diagrams... @ http://localhost:4323/@id/astro:scripts/page.js:2
[ 2394816ms] [LOG] [astro-mermaid] Found 1 mermaid diagrams @ http://localhost:4323/@id/astro:scripts/page.js:2
[ 2394834ms] [LOG] [astro-mermaid] Using theme: dark from html @ http://localhost:4323/@id/astro:scripts/page.js:2
[ 2394836ms] [LOG] [astro-mermaid] Rendering diagram: mermaid-fxrrr4t3q @ http://localhost:4323/@id/astro:scripts/page.js:2
[ 2394837ms] [LOG] [astro-mermaid] Using theme: dark from html @ http://localhost:4323/@id/astro:scripts/page.js:2
[ 2394838ms] [LOG] [astro-mermaid] Rendering diagram: mermaid-sc4g0z7hu @ http://localhost:4323/@id/astro:scripts/page.js:2
[ 2394838ms] [LOG] [astro-mermaid] Using theme: dark from html @ http://localhost:4323/@id/astro:scripts/page.js:2
[ 2394838ms] [LOG] [astro-mermaid] Rendering diagram: mermaid-jns71oita @ http://localhost:4323/@id/astro:scripts/page.js:2
[ 2394874ms] [LOG] [astro-mermaid] Successfully rendered diagram: mermaid-fxrrr4t3q @ http://localhost:4323/@id/astro:scripts/page.js:2
[ 2394881ms] [WARNING] Use $state.raw for nodes to prevent performance issues. @ http://localhost:4323/node_modules/.vite/deps/@xyflow_svelte.js?v=a7795a90:4718
[ 2394900ms] [LOG] [astro-mermaid] Successfully rendered diagram: mermaid-sc4g0z7hu @ http://localhost:4323/@id/astro:scripts/page.js:2
[ 2394920ms] [LOG] [astro-mermaid] Successfully rendered diagram: mermaid-jns71oita @ http://localhost:4323/@id/astro:scripts/page.js:2
[ 2412913ms] [LOG] [astro-mermaid] Mermaid diagrams detected on initial load @ http://localhost:4323/@id/astro:scripts/page.js:2
[ 2412913ms] [LOG] [astro-mermaid] Initializing mermaid diagrams... @ http://localhost:4323/@id/astro:scripts/page.js:2
[ 2412913ms] [LOG] [astro-mermaid] Found 1 mermaid diagrams @ http://localhost:4323/@id/astro:scripts/page.js:2
[ 2412913ms] [LOG] [astro-mermaid] Loading mermaid.js... @ http://localhost:4323/@id/astro:scripts/page.js:2
[ 2412919ms] [LOG] [astro-mermaid] Using theme: dark from html @ http://localhost:4323/@id/astro:scripts/page.js:2
[ 2412920ms] [LOG] [astro-mermaid] Rendering diagram: mermaid-b6t6fwl09 @ http://localhost:4323/@id/astro:scripts/page.js:2
[ 2412921ms] [LOG] [astro-mermaid] Initializing mermaid diagrams... @ http://localhost:4323/@id/astro:scripts/page.js:2
[ 2412921ms] [LOG] [astro-mermaid] Found 1 mermaid diagrams @ http://localhost:4323/@id/astro:scripts/page.js:2
[ 2412921ms] [LOG] [astro-mermaid] Initializing mermaid diagrams... @ http://localhost:4323/@id/astro:scripts/page.js:2
[ 2412921ms] [LOG] [astro-mermaid] Found 1 mermaid diagrams @ http://localhost:4323/@id/astro:scripts/page.js:2
[ 2412921ms] [LOG] [astro-mermaid] Using theme: dark from html @ http://localhost:4323/@id/astro:scripts/page.js:2
[ 2412922ms] [LOG] [astro-mermaid] Rendering diagram: mermaid-yriqayuq3 @ http://localhost:4323/@id/astro:scripts/page.js:2
[ 2412922ms] [LOG] [astro-mermaid] Using theme: dark from html @ http://localhost:4323/@id/astro:scripts/page.js:2
[ 2412922ms] [LOG] [astro-mermaid] Rendering diagram: mermaid-kfubeaa6z @ http://localhost:4323/@id/astro:scripts/page.js:2
[ 2412965ms] [LOG] [astro-mermaid] Successfully rendered diagram: mermaid-b6t6fwl09 @ http://localhost:4323/@id/astro:scripts/page.js:2
[ 2412970ms] [WARNING] Use $state.raw for nodes to prevent performance issues. @ http://localhost:4323/node_modules/.vite/deps/@xyflow_svelte.js?v=a7795a90:4718
[ 2412988ms] [LOG] [astro-mermaid] Successfully rendered diagram: mermaid-yriqayuq3 @ http://localhost:4323/@id/astro:scripts/page.js:2
[ 2413005ms] [LOG] [astro-mermaid] Successfully rendered diagram: mermaid-kfubeaa6z @ http://localhost:4323/@id/astro:scripts/page.js:2
[ 2418247ms] [LOG] [astro-mermaid] Mermaid diagrams detected on initial load @ http://localhost:4323/@id/astro:scripts/page.js:2
[ 2418247ms] [LOG] [astro-mermaid] Initializing mermaid diagrams... @ http://localhost:4323/@id/astro:scripts/page.js:2
[ 2418247ms] [LOG] [astro-mermaid] Found 1 mermaid diagrams @ http://localhost:4323/@id/astro:scripts/page.js:2
[ 2418247ms] [LOG] [astro-mermaid] Loading mermaid.js... @ http://localhost:4323/@id/astro:scripts/page.js:2
[ 2418253ms] [LOG] [astro-mermaid] Using theme: dark from html @ http://localhost:4323/@id/astro:scripts/page.js:2
[ 2418254ms] [LOG] [astro-mermaid] Rendering diagram: mermaid-dm8qjsuw2 @ http://localhost:4323/@id/astro:scripts/page.js:2
[ 2418256ms] [LOG] [astro-mermaid] Initializing mermaid diagrams... @ http://localhost:4323/@id/astro:scripts/page.js:2
[ 2418256ms] [LOG] [astro-mermaid] Found 1 mermaid diagrams @ http://localhost:4323/@id/astro:scripts/page.js:2
[ 2418256ms] [LOG] [astro-mermaid] Initializing mermaid diagrams... @ http://localhost:4323/@id/astro:scripts/page.js:2
[ 2418256ms] [LOG] [astro-mermaid] Found 1 mermaid diagrams @ http://localhost:4323/@id/astro:scripts/page.js:2
[ 2418256ms] [LOG] [astro-mermaid] Using theme: dark from html @ http://localhost:4323/@id/astro:scripts/page.js:2
[ 2418257ms] [LOG] [astro-mermaid] Rendering diagram: mermaid-q71ljq40x @ http://localhost:4323/@id/astro:scripts/page.js:2
[ 2418257ms] [LOG] [astro-mermaid] Using theme: dark from html @ http://localhost:4323/@id/astro:scripts/page.js:2
[ 2418257ms] [LOG] [astro-mermaid] Rendering diagram: mermaid-zjbrwsl9d @ http://localhost:4323/@id/astro:scripts/page.js:2
[ 2418299ms] [LOG] [astro-mermaid] Successfully rendered diagram: mermaid-dm8qjsuw2 @ http://localhost:4323/@id/astro:scripts/page.js:2
[ 2418304ms] [WARNING] Use $state.raw for nodes to prevent performance issues. @ http://localhost:4323/node_modules/.vite/deps/@xyflow_svelte.js?v=a7795a90:4718
[ 2418322ms] [LOG] [astro-mermaid] Successfully rendered diagram: mermaid-q71ljq40x @ http://localhost:4323/@id/astro:scripts/page.js:2
[ 2418340ms] [LOG] [astro-mermaid] Successfully rendered diagram: mermaid-zjbrwsl9d @ http://localhost:4323/@id/astro:scripts/page.js:2
[ 2423713ms] [LOG] [astro-mermaid] Mermaid diagrams detected on initial load @ http://localhost:4323/@id/astro:scripts/page.js:2
[ 2423713ms] [LOG] [astro-mermaid] Initializing mermaid diagrams... @ http://localhost:4323/@id/astro:scripts/page.js:2
[ 2423713ms] [LOG] [astro-mermaid] Found 1 mermaid diagrams @ http://localhost:4323/@id/astro:scripts/page.js:2
[ 2423713ms] [LOG] [astro-mermaid] Loading mermaid.js... @ http://localhost:4323/@id/astro:scripts/page.js:2
[ 2423719ms] [LOG] [astro-mermaid] Using theme: dark from html @ http://localhost:4323/@id/astro:scripts/page.js:2
[ 2423721ms] [LOG] [astro-mermaid] Rendering diagram: mermaid-ohoe5t5qa @ http://localhost:4323/@id/astro:scripts/page.js:2
[ 2423722ms] [LOG] [astro-mermaid] Initializing mermaid diagrams... @ http://localhost:4323/@id/astro:scripts/page.js:2
[ 2423722ms] [LOG] [astro-mermaid] Found 1 mermaid diagrams @ http://localhost:4323/@id/astro:scripts/page.js:2
[ 2423722ms] [LOG] [astro-mermaid] Initializing mermaid diagrams... @ http://localhost:4323/@id/astro:scripts/page.js:2
[ 2423722ms] [LOG] [astro-mermaid] Found 1 mermaid diagrams @ http://localhost:4323/@id/astro:scripts/page.js:2
[ 2423722ms] [LOG] [astro-mermaid] Using theme: dark from html @ http://localhost:4323/@id/astro:scripts/page.js:2
[ 2423723ms] [LOG] [astro-mermaid] Rendering diagram: mermaid-td3nnmgf1 @ http://localhost:4323/@id/astro:scripts/page.js:2
[ 2423723ms] [LOG] [astro-mermaid] Using theme: dark from html @ http://localhost:4323/@id/astro:scripts/page.js:2
[ 2423723ms] [LOG] [astro-mermaid] Rendering diagram: mermaid-votpxg9v2 @ http://localhost:4323/@id/astro:scripts/page.js:2
[ 2423768ms] [LOG] [astro-mermaid] Successfully rendered diagram: mermaid-ohoe5t5qa @ http://localhost:4323/@id/astro:scripts/page.js:2
[ 2423774ms] [WARNING] Use $state.raw for nodes to prevent performance issues. @ http://localhost:4323/node_modules/.vite/deps/@xyflow_svelte.js?v=a7795a90:4718
[ 2423793ms] [LOG] [astro-mermaid] Successfully rendered diagram: mermaid-td3nnmgf1 @ http://localhost:4323/@id/astro:scripts/page.js:2
[ 2423812ms] [LOG] [astro-mermaid] Successfully rendered diagram: mermaid-votpxg9v2 @ http://localhost:4323/@id/astro:scripts/page.js:2
[ 2428182ms] [LOG] [astro-mermaid] Mermaid diagrams detected on initial load @ http://localhost:4323/@id/astro:scripts/page.js:2
[ 2428182ms] [LOG] [astro-mermaid] Initializing mermaid diagrams... @ http://localhost:4323/@id/astro:scripts/page.js:2
[ 2428182ms] [LOG] [astro-mermaid] Found 1 mermaid diagrams @ http://localhost:4323/@id/astro:scripts/page.js:2
[ 2428182ms] [LOG] [astro-mermaid] Loading mermaid.js... @ http://localhost:4323/@id/astro:scripts/page.js:2
[ 2428199ms] [LOG] [astro-mermaid] Using theme: dark from html @ http://localhost:4323/@id/astro:scripts/page.js:2
[ 2428200ms] [LOG] [astro-mermaid] Rendering diagram: mermaid-sji65cybm @ http://localhost:4323/@id/astro:scripts/page.js:2
[ 2428201ms] [LOG] [astro-mermaid] Initializing mermaid diagrams... @ http://localhost:4323/@id/astro:scripts/page.js:2
[ 2428201ms] [LOG] [astro-mermaid] Found 1 mermaid diagrams @ http://localhost:4323/@id/astro:scripts/page.js:2
[ 2428201ms] [LOG] [astro-mermaid] Initializing mermaid diagrams... @ http://localhost:4323/@id/astro:scripts/page.js:2
[ 2428201ms] [LOG] [astro-mermaid] Found 1 mermaid diagrams @ http://localhost:4323/@id/astro:scripts/page.js:2
[ 2428201ms] [LOG] [astro-mermaid] Using theme: dark from html @ http://localhost:4323/@id/astro:scripts/page.js:2
[ 2428202ms] [LOG] [astro-mermaid] Rendering diagram: mermaid-ahdgzniim @ http://localhost:4323/@id/astro:scripts/page.js:2
[ 2428202ms] [LOG] [astro-mermaid] Using theme: dark from html @ http://localhost:4323/@id/astro:scripts/page.js:2
[ 2428203ms] [LOG] [astro-mermaid] Rendering diagram: mermaid-z52c2tk66 @ http://localhost:4323/@id/astro:scripts/page.js:2
[ 2428241ms] [LOG] [astro-mermaid] Successfully rendered diagram: mermaid-sji65cybm @ http://localhost:4323/@id/astro:scripts/page.js:2
[ 2428247ms] [WARNING] Use $state.raw for nodes to prevent performance issues. @ http://localhost:4323/node_modules/.vite/deps/@xyflow_svelte.js?v=a7795a90:4718
[ 2428265ms] [LOG] [astro-mermaid] Successfully rendered diagram: mermaid-ahdgzniim @ http://localhost:4323/@id/astro:scripts/page.js:2
[ 2428283ms] [LOG] [astro-mermaid] Successfully rendered diagram: mermaid-z52c2tk66 @ http://localhost:4323/@id/astro:scripts/page.js:2
[ 2431865ms] [LOG] [astro-mermaid] Mermaid diagrams detected on initial load @ http://localhost:4323/@id/astro:scripts/page.js:2
[ 2431865ms] [LOG] [astro-mermaid] Initializing mermaid diagrams... @ http://localhost:4323/@id/astro:scripts/page.js:2
[ 2431865ms] [LOG] [astro-mermaid] Found 1 mermaid diagrams @ http://localhost:4323/@id/astro:scripts/page.js:2
[ 2431865ms] [LOG] [astro-mermaid] Loading mermaid.js... @ http://localhost:4323/@id/astro:scripts/page.js:2
[ 2431867ms] [LOG] [astro-mermaid] Initializing mermaid diagrams... @ http://localhost:4323/@id/astro:scripts/page.js:2
[ 2431867ms] [LOG] [astro-mermaid] Found 1 mermaid diagrams @ http://localhost:4323/@id/astro:scripts/page.js:2
[ 2431867ms] [LOG] [astro-mermaid] Initializing mermaid diagrams... @ http://localhost:4323/@id/astro:scripts/page.js:2
[ 2431867ms] [LOG] [astro-mermaid] Found 1 mermaid diagrams @ http://localhost:4323/@id/astro:scripts/page.js:2
[ 2431881ms] [LOG] [astro-mermaid] Using theme: dark from html @ http://localhost:4323/@id/astro:scripts/page.js:2
[ 2431882ms] [LOG] [astro-mermaid] Rendering diagram: mermaid-23mzr1i5f @ http://localhost:4323/@id/astro:scripts/page.js:2
[ 2431883ms] [LOG] [astro-mermaid] Using theme: dark from html @ http://localhost:4323/@id/astro:scripts/page.js:2
[ 2431884ms] [LOG] [astro-mermaid] Rendering diagram: mermaid-e6xfdetn5 @ http://localhost:4323/@id/astro:scripts/page.js:2
[ 2431884ms] [LOG] [astro-mermaid] Using theme: dark from html @ http://localhost:4323/@id/astro:scripts/page.js:2
[ 2431885ms] [LOG] [astro-mermaid] Rendering diagram: mermaid-wdbp2s6xz @ http://localhost:4323/@id/astro:scripts/page.js:2
[ 2431914ms] [LOG] [astro-mermaid] Successfully rendered diagram: mermaid-23mzr1i5f @ http://localhost:4323/@id/astro:scripts/page.js:2
[ 2431920ms] [WARNING] Use $state.raw for nodes to prevent performance issues. @ http://localhost:4323/node_modules/.vite/deps/@xyflow_svelte.js?v=a7795a90:4718
[ 2431937ms] [LOG] [astro-mermaid] Successfully rendered diagram: mermaid-e6xfdetn5 @ http://localhost:4323/@id/astro:scripts/page.js:2
[ 2431953ms] [LOG] [astro-mermaid] Successfully rendered diagram: mermaid-wdbp2s6xz @ http://localhost:4323/@id/astro:scripts/page.js:2
[ 2467496ms] [LOG] [astro-mermaid] Mermaid diagrams detected on initial load @ http://localhost:4323/@id/astro:scripts/page.js:2
[ 2467496ms] [LOG] [astro-mermaid] Initializing mermaid diagrams... @ http://localhost:4323/@id/astro:scripts/page.js:2
[ 2467496ms] [LOG] [astro-mermaid] Found 1 mermaid diagrams @ http://localhost:4323/@id/astro:scripts/page.js:2
[ 2467496ms] [LOG] [astro-mermaid] Loading mermaid.js... @ http://localhost:4323/@id/astro:scripts/page.js:2
[ 2467497ms] [LOG] [astro-mermaid] Initializing mermaid diagrams... @ http://localhost:4323/@id/astro:scripts/page.js:2
[ 2467497ms] [LOG] [astro-mermaid] Found 1 mermaid diagrams @ http://localhost:4323/@id/astro:scripts/page.js:2
[ 2467497ms] [LOG] [astro-mermaid] Initializing mermaid diagrams... @ http://localhost:4323/@id/astro:scripts/page.js:2
[ 2467497ms] [LOG] [astro-mermaid] Found 1 mermaid diagrams @ http://localhost:4323/@id/astro:scripts/page.js:2
[ 2467517ms] [LOG] [astro-mermaid] Using theme: dark from html @ http://localhost:4323/@id/astro:scripts/page.js:2
[ 2467518ms] [LOG] [astro-mermaid] Rendering diagram: mermaid-1am9ixr00 @ http://localhost:4323/@id/astro:scripts/page.js:2
[ 2467519ms] [LOG] [astro-mermaid] Using theme: dark from html @ http://localhost:4323/@id/astro:scripts/page.js:2
[ 2467520ms] [LOG] [astro-mermaid] Rendering diagram: mermaid-45u1fmoxu @ http://localhost:4323/@id/astro:scripts/page.js:2
[ 2467520ms] [LOG] [astro-mermaid] Using theme: dark from html @ http://localhost:4323/@id/astro:scripts/page.js:2
[ 2467521ms] [LOG] [astro-mermaid] Rendering diagram: mermaid-kxmparh6m @ http://localhost:4323/@id/astro:scripts/page.js:2
[ 2467547ms] [LOG] [astro-mermaid] Successfully rendered diagram: mermaid-1am9ixr00 @ http://localhost:4323/@id/astro:scripts/page.js:2
[ 2467553ms] [WARNING] Use $state.raw for nodes to prevent performance issues. @ http://localhost:4323/node_modules/.vite/deps/@xyflow_svelte.js?v=a7795a90:4718
[ 2467569ms] [LOG] [astro-mermaid] Successfully rendered diagram: mermaid-45u1fmoxu @ http://localhost:4323/@id/astro:scripts/page.js:2
[ 2467585ms] [LOG] [astro-mermaid] Successfully rendered diagram: mermaid-kxmparh6m @ http://localhost:4323/@id/astro:scripts/page.js:2
[ 2474873ms] [LOG] [astro-mermaid] Mermaid diagrams detected on initial load @ http://localhost:4323/@id/astro:scripts/page.js:2
[ 2474873ms] [LOG] [astro-mermaid] Initializing mermaid diagrams... @ http://localhost:4323/@id/astro:scripts/page.js:2
[ 2474873ms] [LOG] [astro-mermaid] Found 1 mermaid diagrams @ http://localhost:4323/@id/astro:scripts/page.js:2
[ 2474873ms] [LOG] [astro-mermaid] Loading mermaid.js... @ http://localhost:4323/@id/astro:scripts/page.js:2
[ 2474874ms] [LOG] [astro-mermaid] Initializing mermaid diagrams... @ http://localhost:4323/@id/astro:scripts/page.js:2
[ 2474874ms] [LOG] [astro-mermaid] Found 1 mermaid diagrams @ http://localhost:4323/@id/astro:scripts/page.js:2
[ 2474874ms] [LOG] [astro-mermaid] Initializing mermaid diagrams... @ http://localhost:4323/@id/astro:scripts/page.js:2
[ 2474874ms] [LOG] [astro-mermaid] Found 1 mermaid diagrams @ http://localhost:4323/@id/astro:scripts/page.js:2
[ 2474890ms] [LOG] [astro-mermaid] Using theme: dark from html @ http://localhost:4323/@id/astro:scripts/page.js:2
[ 2474891ms] [LOG] [astro-mermaid] Rendering diagram: mermaid-6dt291pj6 @ http://localhost:4323/@id/astro:scripts/page.js:2
[ 2474892ms] [LOG] [astro-mermaid] Using theme: dark from html @ http://localhost:4323/@id/astro:scripts/page.js:2
[ 2474892ms] [LOG] [astro-mermaid] Rendering diagram: mermaid-c2ed46gej @ http://localhost:4323/@id/astro:scripts/page.js:2
[ 2474892ms] [LOG] [astro-mermaid] Using theme: dark from html @ http://localhost:4323/@id/astro:scripts/page.js:2
[ 2474893ms] [LOG] [astro-mermaid] Rendering diagram: mermaid-yxz1z84am @ http://localhost:4323/@id/astro:scripts/page.js:2
[ 2474919ms] [LOG] [astro-mermaid] Successfully rendered diagram: mermaid-6dt291pj6 @ http://localhost:4323/@id/astro:scripts/page.js:2
[ 2474924ms] [WARNING] Use $state.raw for nodes to prevent performance issues. @ http://localhost:4323/node_modules/.vite/deps/@xyflow_svelte.js?v=a7795a90:4718
[ 2474940ms] [LOG] [astro-mermaid] Successfully rendered diagram: mermaid-c2ed46gej @ http://localhost:4323/@id/astro:scripts/page.js:2
[ 2474957ms] [LOG] [astro-mermaid] Successfully rendered diagram: mermaid-yxz1z84am @ http://localhost:4323/@id/astro:scripts/page.js:2
[ 2479257ms] [LOG] [astro-mermaid] Mermaid diagrams detected on initial load @ http://localhost:4323/@id/astro:scripts/page.js:2
[ 2479257ms] [LOG] [astro-mermaid] Initializing mermaid diagrams... @ http://localhost:4323/@id/astro:scripts/page.js:2
[ 2479257ms] [LOG] [astro-mermaid] Found 1 mermaid diagrams @ http://localhost:4323/@id/astro:scripts/page.js:2
[ 2479257ms] [LOG] [astro-mermaid] Loading mermaid.js... @ http://localhost:4323/@id/astro:scripts/page.js:2
[ 2479258ms] [LOG] [astro-mermaid] Initializing mermaid diagrams... @ http://localhost:4323/@id/astro:scripts/page.js:2
[ 2479258ms] [LOG] [astro-mermaid] Found 1 mermaid diagrams @ http://localhost:4323/@id/astro:scripts/page.js:2
[ 2479258ms] [LOG] [astro-mermaid] Initializing mermaid diagrams... @ http://localhost:4323/@id/astro:scripts/page.js:2
[ 2479258ms] [LOG] [astro-mermaid] Found 1 mermaid diagrams @ http://localhost:4323/@id/astro:scripts/page.js:2
[ 2479274ms] [LOG] [astro-mermaid] Using theme: dark from html @ http://localhost:4323/@id/astro:scripts/page.js:2
[ 2479275ms] [LOG] [astro-mermaid] Rendering diagram: mermaid-vywf9tohi @ http://localhost:4323/@id/astro:scripts/page.js:2
[ 2479276ms] [LOG] [astro-mermaid] Using theme: dark from html @ http://localhost:4323/@id/astro:scripts/page.js:2
[ 2479277ms] [LOG] [astro-mermaid] Rendering diagram: mermaid-je3dg9h2n @ http://localhost:4323/@id/astro:scripts/page.js:2
[ 2479277ms] [LOG] [astro-mermaid] Using theme: dark from html @ http://localhost:4323/@id/astro:scripts/page.js:2
[ 2479277ms] [LOG] [astro-mermaid] Rendering diagram: mermaid-bry8zl0p7 @ http://localhost:4323/@id/astro:scripts/page.js:2
[ 2479304ms] [LOG] [astro-mermaid] Successfully rendered diagram: mermaid-vywf9tohi @ http://localhost:4323/@id/astro:scripts/page.js:2
[ 2479309ms] [WARNING] Use $state.raw for nodes to prevent performance issues. @ http://localhost:4323/node_modules/.vite/deps/@xyflow_svelte.js?v=a7795a90:4718
[ 2479324ms] [LOG] [astro-mermaid] Successfully rendered diagram: mermaid-je3dg9h2n @ http://localhost:4323/@id/astro:scripts/page.js:2
[ 2479339ms] [LOG] [astro-mermaid] Successfully rendered diagram: mermaid-bry8zl0p7 @ http://localhost:4323/@id/astro:scripts/page.js:2
[ 2562164ms] [LOG] [astro-mermaid] Mermaid diagrams detected on initial load @ http://localhost:4323/@id/astro:scripts/page.js:2
[ 2562164ms] [LOG] [astro-mermaid] Initializing mermaid diagrams... @ http://localhost:4323/@id/astro:scripts/page.js:2
[ 2562164ms] [LOG] [astro-mermaid] Found 1 mermaid diagrams @ http://localhost:4323/@id/astro:scripts/page.js:2
[ 2562164ms] [LOG] [astro-mermaid] Loading mermaid.js... @ http://localhost:4323/@id/astro:scripts/page.js:2
[ 2562165ms] [LOG] [astro-mermaid] Initializing mermaid diagrams... @ http://localhost:4323/@id/astro:scripts/page.js:2
[ 2562165ms] [LOG] [astro-mermaid] Found 1 mermaid diagrams @ http://localhost:4323/@id/astro:scripts/page.js:2
[ 2562165ms] [LOG] [astro-mermaid] Initializing mermaid diagrams... @ http://localhost:4323/@id/astro:scripts/page.js:2
[ 2562165ms] [LOG] [astro-mermaid] Found 1 mermaid diagrams @ http://localhost:4323/@id/astro:scripts/page.js:2
[ 2562185ms] [LOG] [astro-mermaid] Using theme: dark from html @ http://localhost:4323/@id/astro:scripts/page.js:2
[ 2562187ms] [LOG] [astro-mermaid] Rendering diagram: mermaid-lry6yp2ch @ http://localhost:4323/@id/astro:scripts/page.js:2
[ 2562188ms] [LOG] [astro-mermaid] Using theme: dark from html @ http://localhost:4323/@id/astro:scripts/page.js:2
[ 2562189ms] [LOG] [astro-mermaid] Rendering diagram: mermaid-z9qqgm8bc @ http://localhost:4323/@id/astro:scripts/page.js:2
[ 2562189ms] [LOG] [astro-mermaid] Using theme: dark from html @ http://localhost:4323/@id/astro:scripts/page.js:2
[ 2562190ms] [LOG] [astro-mermaid] Rendering diagram: mermaid-r1e8kbu53 @ http://localhost:4323/@id/astro:scripts/page.js:2
[ 2562218ms] [LOG] [astro-mermaid] Successfully rendered diagram: mermaid-lry6yp2ch @ http://localhost:4323/@id/astro:scripts/page.js:2
[ 2562223ms] [WARNING] Use $state.raw for nodes to prevent performance issues. @ http://localhost:4323/node_modules/.vite/deps/@xyflow_svelte.js?v=a7795a90:4718
[ 2562240ms] [LOG] [astro-mermaid] Successfully rendered diagram: mermaid-z9qqgm8bc @ http://localhost:4323/@id/astro:scripts/page.js:2
[ 2562256ms] [LOG] [astro-mermaid] Successfully rendered diagram: mermaid-r1e8kbu53 @ http://localhost:4323/@id/astro:scripts/page.js:2
[ 2634014ms] [LOG] [astro-mermaid] Mermaid diagrams detected on initial load @ http://localhost:4323/@id/astro:scripts/page.js:2
[ 2634014ms] [LOG] [astro-mermaid] Initializing mermaid diagrams... @ http://localhost:4323/@id/astro:scripts/page.js:2
[ 2634014ms] [LOG] [astro-mermaid] Found 1 mermaid diagrams @ http://localhost:4323/@id/astro:scripts/page.js:2
[ 2634014ms] [LOG] [astro-mermaid] Loading mermaid.js... @ http://localhost:4323/@id/astro:scripts/page.js:2
[ 2634023ms] [LOG] [astro-mermaid] Using theme: dark from html @ http://localhost:4323/@id/astro:scripts/page.js:2
[ 2634025ms] [LOG] [astro-mermaid] Rendering diagram: mermaid-wiu9l229k @ http://localhost:4323/@id/astro:scripts/page.js:2
[ 2634026ms] [LOG] [astro-mermaid] Initializing mermaid diagrams... @ http://localhost:4323/@id/astro:scripts/page.js:2
[ 2634026ms] [LOG] [astro-mermaid] Found 1 mermaid diagrams @ http://localhost:4323/@id/astro:scripts/page.js:2
[ 2634026ms] [LOG] [astro-mermaid] Initializing mermaid diagrams... @ http://localhost:4323/@id/astro:scripts/page.js:2
[ 2634026ms] [LOG] [astro-mermaid] Found 1 mermaid diagrams @ http://localhost:4323/@id/astro:scripts/page.js:2
[ 2634026ms] [LOG] [astro-mermaid] Using theme: dark from html @ http://localhost:4323/@id/astro:scripts/page.js:2
[ 2634027ms] [LOG] [astro-mermaid] Rendering diagram: mermaid-30m60byy1 @ http://localhost:4323/@id/astro:scripts/page.js:2
[ 2634027ms] [LOG] [astro-mermaid] Using theme: dark from html @ http://localhost:4323/@id/astro:scripts/page.js:2
[ 2634028ms] [LOG] [astro-mermaid] Rendering diagram: mermaid-djuj51r3t @ http://localhost:4323/@id/astro:scripts/page.js:2
[ 2634065ms] [LOG] [astro-mermaid] Successfully rendered diagram: mermaid-wiu9l229k @ http://localhost:4323/@id/astro:scripts/page.js:2
[ 2634071ms] [WARNING] Use $state.raw for nodes to prevent performance issues. @ http://localhost:4323/node_modules/.vite/deps/@xyflow_svelte.js?v=a7795a90:4718
[ 2634087ms] [LOG] [astro-mermaid] Successfully rendered diagram: mermaid-30m60byy1 @ http://localhost:4323/@id/astro:scripts/page.js:2
[ 2634103ms] [LOG] [astro-mermaid] Successfully rendered diagram: mermaid-djuj51r3t @ http://localhost:4323/@id/astro:scripts/page.js:2
