[     463ms] [LOG] [astro-mermaid] No mermaid diagrams found on initial load @ http://localhost:4321/@id/astro:scripts/page.js:2
[     464ms] [LOG] [astro-mermaid] Initializing mermaid diagrams... @ http://localhost:4321/@id/astro:scripts/page.js:2
[     464ms] [LOG] [astro-mermaid] Found 0 mermaid diagrams @ http://localhost:4321/@id/astro:scripts/page.js:2
[     464ms] [LOG] [astro-mermaid] Initializing mermaid diagrams... @ http://localhost:4321/@id/astro:scripts/page.js:2
[     464ms] [LOG] [astro-mermaid] Found 0 mermaid diagrams @ http://localhost:4321/@id/astro:scripts/page.js:2
[     528ms] [WARNING] Use $state.raw for nodes to prevent performance issues. @ http://localhost:4321/node_modules/.vite/deps/@xyflow_svelte.js?v=a7795a90:4718
[     528ms] [WARNING] Use $state.raw for edges to prevent performance issues. @ http://localhost:4321/node_modules/.vite/deps/@xyflow_svelte.js?v=a7795a90:4718
[   64501ms] [LOG] [astro-mermaid] No mermaid diagrams found on initial load @ http://localhost:4321/@id/astro:scripts/page.js:2
[   64502ms] [LOG] [astro-mermaid] Initializing mermaid diagrams... @ http://localhost:4321/@id/astro:scripts/page.js:2
[   64502ms] [LOG] [astro-mermaid] Found 0 mermaid diagrams @ http://localhost:4321/@id/astro:scripts/page.js:2
[   64502ms] [LOG] [astro-mermaid] Initializing mermaid diagrams... @ http://localhost:4321/@id/astro:scripts/page.js:2
[   64502ms] [LOG] [astro-mermaid] Found 0 mermaid diagrams @ http://localhost:4321/@id/astro:scripts/page.js:2
[   64522ms] [WARNING] Use $state.raw for nodes to prevent performance issues. @ http://localhost:4321/node_modules/.vite/deps/@xyflow_svelte.js?v=a7795a90:4718
[   64523ms] [WARNING] Use $state.raw for edges to prevent performance issues. @ http://localhost:4321/node_modules/.vite/deps/@xyflow_svelte.js?v=a7795a90:4718
[   88701ms] [LOG] [astro-mermaid] No mermaid diagrams found on initial load @ http://localhost:4321/@id/astro:scripts/page.js:2
[   88702ms] [LOG] [astro-mermaid] Initializing mermaid diagrams... @ http://localhost:4321/@id/astro:scripts/page.js:2
[   88702ms] [LOG] [astro-mermaid] Found 0 mermaid diagrams @ http://localhost:4321/@id/astro:scripts/page.js:2
[   95042ms] [LOG] [astro-mermaid] Mermaid diagrams detected on initial load @ http://localhost:4321/@id/astro:scripts/page.js:2
[   95042ms] [LOG] [astro-mermaid] Initializing mermaid diagrams... @ http://localhost:4321/@id/astro:scripts/page.js:2
[   95042ms] [LOG] [astro-mermaid] Found 1 mermaid diagrams @ http://localhost:4321/@id/astro:scripts/page.js:2
[   95042ms] [LOG] [astro-mermaid] Loading mermaid.js... @ http://localhost:4321/@id/astro:scripts/page.js:2
[   95043ms] [LOG] [astro-mermaid] Initializing mermaid diagrams... @ http://localhost:4321/@id/astro:scripts/page.js:2
[   95043ms] [LOG] [astro-mermaid] Found 1 mermaid diagrams @ http://localhost:4321/@id/astro:scripts/page.js:2
[   95043ms] [LOG] [astro-mermaid] Initializing mermaid diagrams... @ http://localhost:4321/@id/astro:scripts/page.js:2
[   95043ms] [LOG] [astro-mermaid] Found 1 mermaid diagrams @ http://localhost:4321/@id/astro:scripts/page.js:2
[   95083ms] [LOG] [astro-mermaid] Using theme: dark from html @ http://localhost:4321/@id/astro:scripts/page.js:2
[   95084ms] [LOG] [astro-mermaid] Rendering diagram: mermaid-66pmc3wrf @ http://localhost:4321/@id/astro:scripts/page.js:2
[   95086ms] [LOG] [astro-mermaid] Using theme: dark from html @ http://localhost:4321/@id/astro:scripts/page.js:2
[   95087ms] [LOG] [astro-mermaid] Rendering diagram: mermaid-0rwr43vnv @ http://localhost:4321/@id/astro:scripts/page.js:2
[   95087ms] [LOG] [astro-mermaid] Using theme: dark from html @ http://localhost:4321/@id/astro:scripts/page.js:2
[   95088ms] [LOG] [astro-mermaid] Rendering diagram: mermaid-yyw74y0ap @ http://localhost:4321/@id/astro:scripts/page.js:2
[   95135ms] [LOG] [astro-mermaid] Successfully rendered diagram: mermaid-66pmc3wrf @ http://localhost:4321/@id/astro:scripts/page.js:2
[   95150ms] [LOG] [astro-mermaid] Successfully rendered diagram: mermaid-0rwr43vnv @ http://localhost:4321/@id/astro:scripts/page.js:2
[   95162ms] [LOG] [astro-mermaid] Successfully rendered diagram: mermaid-yyw74y0ap @ http://localhost:4321/@id/astro:scripts/page.js:2
[  101051ms] [LOG] [astro-mermaid] No mermaid diagrams found on initial load @ http://localhost:4321/@id/astro:scripts/page.js:2
[  101052ms] [LOG] [astro-mermaid] Initializing mermaid diagrams... @ http://localhost:4321/@id/astro:scripts/page.js:2
[  101052ms] [LOG] [astro-mermaid] Found 0 mermaid diagrams @ http://localhost:4321/@id/astro:scripts/page.js:2
[  101052ms] [LOG] [astro-mermaid] Initializing mermaid diagrams... @ http://localhost:4321/@id/astro:scripts/page.js:2
[  101052ms] [LOG] [astro-mermaid] Found 0 mermaid diagrams @ http://localhost:4321/@id/astro:scripts/page.js:2
[  108982ms] [LOG] [astro-mermaid] No mermaid diagrams found on initial load @ http://localhost:4321/@id/astro:scripts/page.js:2
[  108985ms] [LOG] [astro-mermaid] Initializing mermaid diagrams... @ http://localhost:4321/@id/astro:scripts/page.js:2
[  108985ms] [LOG] [astro-mermaid] Found 0 mermaid diagrams @ http://localhost:4321/@id/astro:scripts/page.js:2
[  108985ms] [LOG] [astro-mermaid] Initializing mermaid diagrams... @ http://localhost:4321/@id/astro:scripts/page.js:2
[  108985ms] [LOG] [astro-mermaid] Found 0 mermaid diagrams @ http://localhost:4321/@id/astro:scripts/page.js:2
[  113379ms] [LOG] [astro-mermaid] No mermaid diagrams found on initial load @ http://localhost:4321/@id/astro:scripts/page.js:2
[  113380ms] [LOG] [astro-mermaid] Initializing mermaid diagrams... @ http://localhost:4321/@id/astro:scripts/page.js:2
[  113380ms] [LOG] [astro-mermaid] Found 0 mermaid diagrams @ http://localhost:4321/@id/astro:scripts/page.js:2
[  113380ms] [LOG] [astro-mermaid] Initializing mermaid diagrams... @ http://localhost:4321/@id/astro:scripts/page.js:2
[  113380ms] [LOG] [astro-mermaid] Found 0 mermaid diagrams @ http://localhost:4321/@id/astro:scripts/page.js:2
[  118214ms] [LOG] [astro-mermaid] No mermaid diagrams found on initial load @ http://localhost:4321/@id/astro:scripts/page.js:2
[  118216ms] [LOG] [astro-mermaid] Initializing mermaid diagrams... @ http://localhost:4321/@id/astro:scripts/page.js:2
[  118216ms] [LOG] [astro-mermaid] Found 0 mermaid diagrams @ http://localhost:4321/@id/astro:scripts/page.js:2
[  118216ms] [LOG] [astro-mermaid] Initializing mermaid diagrams... @ http://localhost:4321/@id/astro:scripts/page.js:2
[  118216ms] [LOG] [astro-mermaid] Found 0 mermaid diagrams @ http://localhost:4321/@id/astro:scripts/page.js:2
[  137135ms] [LOG] [astro-mermaid] No mermaid diagrams found on initial load @ http://localhost:4321/@id/astro:scripts/page.js:2
[  137136ms] [LOG] [astro-mermaid] Initializing mermaid diagrams... @ http://localhost:4321/@id/astro:scripts/page.js:2
[  137136ms] [LOG] [astro-mermaid] Found 0 mermaid diagrams @ http://localhost:4321/@id/astro:scripts/page.js:2
[  137136ms] [LOG] [astro-mermaid] Initializing mermaid diagrams... @ http://localhost:4321/@id/astro:scripts/page.js:2
[  137136ms] [LOG] [astro-mermaid] Found 0 mermaid diagrams @ http://localhost:4321/@id/astro:scripts/page.js:2
[  141436ms] [LOG] [astro-mermaid] No mermaid diagrams found on initial load @ http://localhost:4321/@id/astro:scripts/page.js:2
[  141436ms] [LOG] [astro-mermaid] Initializing mermaid diagrams... @ http://localhost:4321/@id/astro:scripts/page.js:2
[  141436ms] [LOG] [astro-mermaid] Found 0 mermaid diagrams @ http://localhost:4321/@id/astro:scripts/page.js:2
[  141436ms] [LOG] [astro-mermaid] Initializing mermaid diagrams... @ http://localhost:4321/@id/astro:scripts/page.js:2
[  141436ms] [LOG] [astro-mermaid] Found 0 mermaid diagrams @ http://localhost:4321/@id/astro:scripts/page.js:2
[  146396ms] [LOG] [astro-mermaid] No mermaid diagrams found on initial load @ http://localhost:4321/@id/astro:scripts/page.js:2
[  146397ms] [LOG] [astro-mermaid] Initializing mermaid diagrams... @ http://localhost:4321/@id/astro:scripts/page.js:2
[  146397ms] [LOG] [astro-mermaid] Found 0 mermaid diagrams @ http://localhost:4321/@id/astro:scripts/page.js:2
[  146397ms] [LOG] [astro-mermaid] Initializing mermaid diagrams... @ http://localhost:4321/@id/astro:scripts/page.js:2
[  146397ms] [LOG] [astro-mermaid] Found 0 mermaid diagrams @ http://localhost:4321/@id/astro:scripts/page.js:2
